  姝ｅ湪纭畾瑕佽繕鍘熺殑椤圭洰鈥?
  鎵€鏈夐」鐩潎鏄渶鏂扮殑锛屾棤娉曡繕鍘熴€?
  Match3.Core -> d:\GitWorkSpace\LiuJun\ThreeMatchTrea\src\Match3.Core\bin\Debug\netstandard2.1\Match3.Core.dll
  Match3.Web.Client -> d:\GitWorkSpace\LiuJun\ThreeMatchTrea\src\Match3.Web\Match3.Web.Client\bin\Debug\net10.0\Match3.Web.Client.dll
  Match3.Web.Client (Blazor output) -> d:\GitWorkSpace\LiuJun\ThreeMatchTrea\src\Match3.Web\Match3.Web.Client\bin\Debug\net10.0\wwwroot
C:\Program Files\dotnet\sdk\10.0.101\Microsoft.Common.CurrentVersion.targets(5080,5): warning MSB3026: 鏃犳硶灏嗏€渄:\GitWorkSpace\LiuJun\ThreeMatchTrea\src\Match3.Web\Match3.Web.Client\bin\Debug\net10.0\Match3.Web.Client.dll鈥濆鍒跺埌鈥渂in\Debug\net10.0\Match3.Web.Client.dll鈥濄€?000 姣鍚庡皢寮€濮嬬 1 娆￠噸璇曘€俆he process cannot access the file 'd:\GitWorkSpace\LiuJun\ThreeMatchTrea\src\Match3.Web\Match3.Web\bin\Debug\net10.0\Match3.Web.Client.dll' because it is being used by another process. 鏂囦欢琚€淢atch3.Web (58260)鈥濋攣瀹氥€?[d:\GitWorkSpace\LiuJun\ThreeMatchTrea\src\Match3.Web\Match3.Web\Match3.Web.csproj]
C:\Program Files\dotnet\sdk\10.0.101\Microsoft.Common.CurrentVersion.targets(5080,5): warning MSB3026: 鏃犳硶灏嗏€渄:\GitWorkSpace\LiuJun\ThreeMatchTrea\src\Match3.Core\bin\Debug\netstandard2.1\Match3.Core.dll鈥濆鍒跺埌鈥渂in\Debug\net10.0\Match3.Core.dll鈥濄€?000 姣鍚庡皢寮€濮嬬 1 娆￠噸璇曘€俆he process cannot access the file 'd:\GitWorkSpace\LiuJun\ThreeMatchTrea\src\Match3.Web\Match3.Web\bin\Debug\net10.0\Match3.Core.dll' because it is being used by another process. 鏂囦欢琚€淢atch3.Web (58260)鈥濋攣瀹氥€?[d:\GitWorkSpace\LiuJun\ThreeMatchTrea\src\Match3.Web\Match3.Web\Match3.Web.csproj]
C:\Program Files\dotnet\sdk\10.0.101\Microsoft.Common.CurrentVersion.targets(5080,5): warning MSB3026: 鏃犳硶灏嗏€渄:\GitWorkSpace\LiuJun\ThreeMatchTrea\src\Match3.Web\Match3.Web.Client\bin\Debug\net10.0\Match3.Web.Client.dll鈥濆鍒跺埌鈥渂in\Debug\net10.0\Match3.Web.Client.dll鈥濄€?000 姣鍚庡皢寮€濮嬬 2 娆￠噸璇曘€俆he process cannot access the file 'd:\GitWorkSpace\LiuJun\ThreeMatchTrea\src\Match3.Web\Match3.Web\bin\Debug\net10.0\Match3.Web.Client.dll' because it is being used by another process. 鏂囦欢琚€淢atch3.Web (58260)鈥濋攣瀹氥€?[d:\GitWorkSpace\LiuJun\ThreeMatchTrea\src\Match3.Web\Match3.Web\Match3.Web.csproj]
C:\Program Files\dotnet\sdk\10.0.101\Microsoft.Common.CurrentVersion.targets(5080,5): warning MSB3026: 鏃犳硶灏嗏€渄:\GitWorkSpace\LiuJun\ThreeMatchTrea\src\Match3.Core\bin\Debug\netstandard2.1\Match3.Core.dll鈥濆鍒跺埌鈥渂in\Debug\net10.0\Match3.Core.dll鈥濄€?000 姣鍚庡皢寮€濮嬬 2 娆￠噸璇曘€俆he process cannot access the file 'd:\GitWorkSpace\LiuJun\ThreeMatchTrea\src\Match3.Web\Match3.Web\bin\Debug\net10.0\Match3.Core.dll' because it is being used by another process. 鏂囦欢琚€淢atch3.Web (58260)鈥濋攣瀹氥€?[d:\GitWorkSpace\LiuJun\ThreeMatchTrea\src\Match3.Web\Match3.Web\Match3.Web.csproj]
C:\Program Files\dotnet\sdk\10.0.101\Microsoft.Common.CurrentVersion.targets(5080,5): warning MSB3026: 鏃犳硶灏嗏€渄:\GitWorkSpace\LiuJun\ThreeMatchTrea\src\Match3.Web\Match3.Web.Client\bin\Debug\net10.0\Match3.Web.Client.dll鈥濆鍒跺埌鈥渂in\Debug\net10.0\Match3.Web.Client.dll鈥濄€?000 姣鍚庡皢寮€濮嬬 3 娆￠噸璇曘€俆he process cannot access the file 'd:\GitWorkSpace\LiuJun\ThreeMatchTrea\src\Match3.Web\Match3.Web\bin\Debug\net10.0\Match3.Web.Client.dll' because it is being used by another process. 鏂囦欢琚€淢atch3.Web (58260)鈥濋攣瀹氥€?[d:\GitWorkSpace\LiuJun\ThreeMatchTrea\src\Match3.Web\Match3.Web\Match3.Web.csproj]
C:\Program Files\dotnet\sdk\10.0.101\Microsoft.Common.CurrentVersion.targets(5080,5): warning MSB3026: 鏃犳硶灏嗏€渄:\GitWorkSpace\LiuJun\ThreeMatchTrea\src\Match3.Core\bin\Debug\netstandard2.1\Match3.Core.dll鈥濆鍒跺埌鈥渂in\Debug\net10.0\Match3.Core.dll鈥濄€?000 姣鍚庡皢寮€濮嬬 3 娆￠噸璇曘€俆he process cannot access the file 'd:\GitWorkSpace\LiuJun\ThreeMatchTrea\src\Match3.Web\Match3.Web\bin\Debug\net10.0\Match3.Core.dll' because it is being used by another process. 鏂囦欢琚€淢atch3.Web (58260)鈥濋攣瀹氥€?[d:\GitWorkSpace\LiuJun\ThreeMatchTrea\src\Match3.Web\Match3.Web\Match3.Web.csproj]
C:\Program Files\dotnet\sdk\10.0.101\Microsoft.Common.CurrentVersion.targets(5080,5): warning MSB3026: 鏃犳硶灏嗏€渄:\GitWorkSpace\LiuJun\ThreeMatchTrea\src\Match3.Core\bin\Debug\netstandard2.1\Match3.Core.dll鈥濆鍒跺埌鈥渂in\Debug\net10.0\Match3.Core.dll鈥濄€?000 姣鍚庡皢寮€濮嬬 4 娆￠噸璇曘€俆he process cannot access the file 'd:\GitWorkSpace\LiuJun\ThreeMatchTrea\src\Match3.Web\Match3.Web\bin\Debug\net10.0\Match3.Core.dll' because it is being used by another process. 鏂囦欢琚€淢atch3.Web (58260)鈥濋攣瀹氥€?[d:\GitWorkSpace\LiuJun\ThreeMatchTrea\src\Match3.Web\Match3.Web\Match3.Web.csproj]
C:\Program Files\dotnet\sdk\10.0.101\Microsoft.Common.CurrentVersion.targets(5080,5): warning MSB3026: 鏃犳硶灏嗏€渄:\GitWorkSpace\LiuJun\ThreeMatchTrea\src\Match3.Web\Match3.Web.Client\bin\Debug\net10.0\Match3.Web.Client.dll鈥濆鍒跺埌鈥渂in\Debug\net10.0\Match3.Web.Client.dll鈥濄€?000 姣鍚庡皢寮€濮嬬 4 娆￠噸璇曘€俆he process cannot access the file 'd:\GitWorkSpace\LiuJun\ThreeMatchTrea\src\Match3.Web\Match3.Web\bin\Debug\net10.0\Match3.Web.Client.dll' because it is being used by another process. 鏂囦欢琚€淢atch3.Web (58260)鈥濋攣瀹氥€?[d:\GitWorkSpace\LiuJun\ThreeMatchTrea\src\Match3.Web\Match3.Web\Match3.Web.csproj]
C:\Program Files\dotnet\sdk\10.0.101\Microsoft.Common.CurrentVersion.targets(5080,5): warning MSB3026: 鏃犳硶灏嗏€渄:\GitWorkSpace\LiuJun\ThreeMatchTrea\src\Match3.Web\Match3.Web.Client\bin\Debug\net10.0\Match3.Web.Client.dll鈥濆鍒跺埌鈥渂in\Debug\net10.0\Match3.Web.Client.dll鈥濄€?000 姣鍚庡皢寮€濮嬬 5 娆￠噸璇曘€俆he process cannot access the file 'd:\GitWorkSpace\LiuJun\ThreeMatchTrea\src\Match3.Web\Match3.Web\bin\Debug\net10.0\Match3.Web.Client.dll' because it is being used by another process. 鏂囦欢琚€淢atch3.Web (58260)鈥濋攣瀹氥€?[d:\GitWorkSpace\LiuJun\ThreeMatchTrea\src\Match3.Web\Match3.Web\Match3.Web.csproj]
C:\Program Files\dotnet\sdk\10.0.101\Microsoft.Common.CurrentVersion.targets(5080,5): warning MSB3026: 鏃犳硶灏嗏€渄:\GitWorkSpace\LiuJun\ThreeMatchTrea\src\Match3.Core\bin\Debug\netstandard2.1\Match3.Core.dll鈥濆鍒跺埌鈥渂in\Debug\net10.0\Match3.Core.dll鈥濄€?000 姣鍚庡皢寮€濮嬬 5 娆￠噸璇曘€俆he process cannot access the file 'd:\GitWorkSpace\LiuJun\ThreeMatchTrea\src\Match3.Web\Match3.Web\bin\Debug\net10.0\Match3.Core.dll' because it is being used by another process. 鏂囦欢琚€淢atch3.Web (58260)鈥濋攣瀹氥€?[d:\GitWorkSpace\LiuJun\ThreeMatchTrea\src\Match3.Web\Match3.Web\Match3.Web.csproj]
C:\Program Files\dotnet\sdk\10.0.101\Microsoft.Common.CurrentVersion.targets(5080,5): warning MSB3026: 鏃犳硶灏嗏€渄:\GitWorkSpace\LiuJun\ThreeMatchTrea\src\Match3.Web\Match3.Web.Client\bin\Debug\net10.0\Match3.Web.Client.dll鈥濆鍒跺埌鈥渂in\Debug\net10.0\Match3.Web.Client.dll鈥濄€?000 姣鍚庡皢寮€濮嬬 6 娆￠噸璇曘€俆he process cannot access the file 'd:\GitWorkSpace\LiuJun\ThreeMatchTrea\src\Match3.Web\Match3.Web\bin\Debug\net10.0\Match3.Web.Client.dll' because it is being used by another process. 鏂囦欢琚€淢atch3.Web (58260)鈥濋攣瀹氥€?[d:\GitWorkSpace\LiuJun\ThreeMatchTrea\src\Match3.Web\Match3.Web\Match3.Web.csproj]
C:\Program Files\dotnet\sdk\10.0.101\Microsoft.Common.CurrentVersion.targets(5080,5): warning MSB3026: 鏃犳硶灏嗏€渄:\GitWorkSpace\LiuJun\ThreeMatchTrea\src\Match3.Core\bin\Debug\netstandard2.1\Match3.Core.dll鈥濆鍒跺埌鈥渂in\Debug\net10.0\Match3.Core.dll鈥濄€?000 姣鍚庡皢寮€濮嬬 6 娆￠噸璇曘€俆he process cannot access the file 'd:\GitWorkSpace\LiuJun\ThreeMatchTrea\src\Match3.Web\Match3.Web\bin\Debug\net10.0\Match3.Core.dll' because it is being used by another process. 鏂囦欢琚€淢atch3.Web (58260)鈥濋攣瀹氥€?[d:\GitWorkSpace\LiuJun\ThreeMatchTrea\src\Match3.Web\Match3.Web\Match3.Web.csproj]
C:\Program Files\dotnet\sdk\10.0.101\Microsoft.Common.CurrentVersion.targets(5080,5): warning MSB3026: 鏃犳硶灏嗏€渄:\GitWorkSpace\LiuJun\ThreeMatchTrea\src\Match3.Web\Match3.Web.Client\bin\Debug\net10.0\Match3.Web.Client.dll鈥濆鍒跺埌鈥渂in\Debug\net10.0\Match3.Web.Client.dll鈥濄€?000 姣鍚庡皢寮€濮嬬 7 娆￠噸璇曘€俆he process cannot access the file 'd:\GitWorkSpace\LiuJun\ThreeMatchTrea\src\Match3.Web\Match3.Web\bin\Debug\net10.0\Match3.Web.Client.dll' because it is being used by another process. 鏂囦欢琚€淢atch3.Web (58260)鈥濋攣瀹氥€?[d:\GitWorkSpace\LiuJun\ThreeMatchTrea\src\Match3.Web\Match3.Web\Match3.Web.csproj]
C:\Program Files\dotnet\sdk\10.0.101\Microsoft.Common.CurrentVersion.targets(5080,5): warning MSB3026: 鏃犳硶灏嗏€渄:\GitWorkSpace\LiuJun\ThreeMatchTrea\src\Match3.Core\bin\Debug\netstandard2.1\Match3.Core.dll鈥濆鍒跺埌鈥渂in\Debug\net10.0\Match3.Core.dll鈥濄€?000 姣鍚庡皢寮€濮嬬 7 娆￠噸璇曘€俆he process cannot access the file 'd:\GitWorkSpace\LiuJun\ThreeMatchTrea\src\Match3.Web\Match3.Web\bin\Debug\net10.0\Match3.Core.dll' because it is being used by another process. 鏂囦欢琚€淢atch3.Web (58260)鈥濋攣瀹氥€?[d:\GitWorkSpace\LiuJun\ThreeMatchTrea\src\Match3.Web\Match3.Web\Match3.Web.csproj]
C:\Program Files\dotnet\sdk\10.0.101\Microsoft.Common.CurrentVersion.targets(5080,5): warning MSB3026: 鏃犳硶灏嗏€渄:\GitWorkSpace\LiuJun\ThreeMatchTrea\src\Match3.Web\Match3.Web.Client\bin\Debug\net10.0\Match3.Web.Client.dll鈥濆鍒跺埌鈥渂in\Debug\net10.0\Match3.Web.Client.dll鈥濄€?000 姣鍚庡皢寮€濮嬬 8 娆￠噸璇曘€俆he process cannot access the file 'd:\GitWorkSpace\LiuJun\ThreeMatchTrea\src\Match3.Web\Match3.Web\bin\Debug\net10.0\Match3.Web.Client.dll' because it is being used by another process. 鏂囦欢琚€淢atch3.Web (58260)鈥濋攣瀹氥€?[d:\GitWorkSpace\LiuJun\ThreeMatchTrea\src\Match3.Web\Match3.Web\Match3.Web.csproj]
C:\Program Files\dotnet\sdk\10.0.101\Microsoft.Common.CurrentVersion.targets(5080,5): warning MSB3026: 鏃犳硶灏嗏€渄:\GitWorkSpace\LiuJun\ThreeMatchTrea\src\Match3.Core\bin\Debug\netstandard2.1\Match3.Core.dll鈥濆鍒跺埌鈥渂in\Debug\net10.0\Match3.Core.dll鈥濄€?000 姣鍚庡皢寮€濮嬬 8 娆￠噸璇曘€俆he process cannot access the file 'd:\GitWorkSpace\LiuJun\ThreeMatchTrea\src\Match3.Web\Match3.Web\bin\Debug\net10.0\Match3.Core.dll' because it is being used by another process. 鏂囦欢琚€淢atch3.Web (58260)鈥濋攣瀹氥€?[d:\GitWorkSpace\LiuJun\ThreeMatchTrea\src\Match3.Web\Match3.Web\Match3.Web.csproj]
C:\Program Files\dotnet\sdk\10.0.101\Microsoft.Common.CurrentVersion.targets(5080,5): warning MSB3026: 鏃犳硶灏嗏€渄:\GitWorkSpace\LiuJun\ThreeMatchTrea\src\Match3.Web\Match3.Web.Client\bin\Debug\net10.0\Match3.Web.Client.dll鈥濆鍒跺埌鈥渂in\Debug\net10.0\Match3.Web.Client.dll鈥濄€?000 姣鍚庡皢寮€濮嬬 9 娆￠噸璇曘€俆he process cannot access the file 'd:\GitWorkSpace\LiuJun\ThreeMatchTrea\src\Match3.Web\Match3.Web\bin\Debug\net10.0\Match3.Web.Client.dll' because it is being used by another process. 鏂囦欢琚€淢atch3.Web (58260)鈥濋攣瀹氥€?[d:\GitWorkSpace\LiuJun\ThreeMatchTrea\src\Match3.Web\Match3.Web\Match3.Web.csproj]
C:\Program Files\dotnet\sdk\10.0.101\Microsoft.Common.CurrentVersion.targets(5080,5): warning MSB3026: 鏃犳硶灏嗏€渄:\GitWorkSpace\LiuJun\ThreeMatchTrea\src\Match3.Core\bin\Debug\netstandard2.1\Match3.Core.dll鈥濆鍒跺埌鈥渂in\Debug\net10.0\Match3.Core.dll鈥濄€?000 姣鍚庡皢寮€濮嬬 9 娆￠噸璇曘€俆he process cannot access the file 'd:\GitWorkSpace\LiuJun\ThreeMatchTrea\src\Match3.Web\Match3.Web\bin\Debug\net10.0\Match3.Core.dll' because it is being used by another process. 鏂囦欢琚€淢atch3.Web (58260)鈥濋攣瀹氥€?[d:\GitWorkSpace\LiuJun\ThreeMatchTrea\src\Match3.Web\Match3.Web\Match3.Web.csproj]
C:\Program Files\dotnet\sdk\10.0.101\Microsoft.Common.CurrentVersion.targets(5080,5): warning MSB3026: 鏃犳硶灏嗏€渄:\GitWorkSpace\LiuJun\ThreeMatchTrea\src\Match3.Core\bin\Debug\netstandard2.1\Match3.Core.dll鈥濆鍒跺埌鈥渂in\Debug\net10.0\Match3.Core.dll鈥濄€?000 姣鍚庡皢寮€濮嬬 10 娆￠噸璇曘€俆he process cannot access the file 'd:\GitWorkSpace\LiuJun\ThreeMatchTrea\src\Match3.Web\Match3.Web\bin\Debug\net10.0\Match3.Core.dll' because it is being used by another process. 鏂囦欢琚€淢atch3.Web (58260)鈥濋攣瀹氥€?[d:\GitWorkSpace\LiuJun\ThreeMatchTrea\src\Match3.Web\Match3.Web\Match3.Web.csproj]
C:\Program Files\dotnet\sdk\10.0.101\Microsoft.Common.CurrentVersion.targets(5080,5): warning MSB3026: 鏃犳硶灏嗏€渄:\GitWorkSpace\LiuJun\ThreeMatchTrea\src\Match3.Web\Match3.Web.Client\bin\Debug\net10.0\Match3.Web.Client.dll鈥濆鍒跺埌鈥渂in\Debug\net10.0\Match3.Web.Client.dll鈥濄€?000 姣鍚庡皢寮€濮嬬 10 娆￠噸璇曘€俆he process cannot access the file 'd:\GitWorkSpace\LiuJun\ThreeMatchTrea\src\Match3.Web\Match3.Web\bin\Debug\net10.0\Match3.Web.Client.dll' because it is being used by another process. 鏂囦欢琚€淢atch3.Web (58260)鈥濋攣瀹氥€?[d:\GitWorkSpace\LiuJun\ThreeMatchTrea\src\Match3.Web\Match3.Web\Match3.Web.csproj]
C:\Program Files\dotnet\sdk\10.0.101\Microsoft.Common.CurrentVersion.targets(5080,5): error MSB3027: 鏃犳硶灏嗏€渄:\GitWorkSpace\LiuJun\ThreeMatchTrea\src\Match3.Web\Match3.Web.Client\bin\Debug\net10.0\Match3.Web.Client.dll鈥濆鍒跺埌鈥渂in\Debug\net10.0\Match3.Web.Client.dll鈥濄€傝秴鍑轰簡閲嶈瘯璁℃暟 10銆傚け璐ャ€傛枃浠惰鈥淢atch3.Web (58260)鈥濋攣瀹氥€?[d:\GitWorkSpace\LiuJun\ThreeMatchTrea\src\Match3.Web\Match3.Web\Match3.Web.csproj]
C:\Program Files\dotnet\sdk\10.0.101\Microsoft.Common.CurrentVersion.targets(5080,5): error MSB3021: 鏃犳硶灏嗘枃浠垛€渄:\GitWorkSpace\LiuJun\ThreeMatchTrea\src\Match3.Web\Match3.Web.Client\bin\Debug\net10.0\Match3.Web.Client.dll鈥濆鍒跺埌鈥渂in\Debug\net10.0\Match3.Web.Client.dll鈥濄€俆he process cannot access the file 'd:\GitWorkSpace\LiuJun\ThreeMatchTrea\src\Match3.Web\Match3.Web\bin\Debug\net10.0\Match3.Web.Client.dll' because it is being used by another process. [d:\GitWorkSpace\LiuJun\ThreeMatchTrea\src\Match3.Web\Match3.Web\Match3.Web.csproj]
C:\Program Files\dotnet\sdk\10.0.101\Microsoft.Common.CurrentVersion.targets(5080,5): error MSB3027: 鏃犳硶灏嗏€渄:\GitWorkSpace\LiuJun\ThreeMatchTrea\src\Match3.Core\bin\Debug\netstandard2.1\Match3.Core.dll鈥濆鍒跺埌鈥渂in\Debug\net10.0\Match3.Core.dll鈥濄€傝秴鍑轰簡閲嶈瘯璁℃暟 10銆傚け璐ャ€傛枃浠惰鈥淢atch3.Web (58260)鈥濋攣瀹氥€?[d:\GitWorkSpace\LiuJun\ThreeMatchTrea\src\Match3.Web\Match3.Web\Match3.Web.csproj]
C:\Program Files\dotnet\sdk\10.0.101\Microsoft.Common.CurrentVersion.targets(5080,5): error MSB3021: 鏃犳硶灏嗘枃浠垛€渄:\GitWorkSpace\LiuJun\ThreeMatchTrea\src\Match3.Core\bin\Debug\netstandard2.1\Match3.Core.dll鈥濆鍒跺埌鈥渂in\Debug\net10.0\Match3.Core.dll鈥濄€俆he process cannot access the file 'd:\GitWorkSpace\LiuJun\ThreeMatchTrea\src\Match3.Web\Match3.Web\bin\Debug\net10.0\Match3.Core.dll' because it is being used by another process. [d:\GitWorkSpace\LiuJun\ThreeMatchTrea\src\Match3.Web\Match3.Web\Match3.Web.csproj]

鐢熸垚澶辫触銆?

C:\Program Files\dotnet\sdk\10.0.101\Microsoft.Common.CurrentVersion.targets(5080,5): warning MSB3026: 鏃犳硶灏嗏€渄:\GitWorkSpace\LiuJun\ThreeMatchTrea\src\Match3.Web\Match3.Web.Client\bin\Debug\net10.0\Match3.Web.Client.dll鈥濆鍒跺埌鈥渂in\Debug\net10.0\Match3.Web.Client.dll鈥濄€?000 姣鍚庡皢寮€濮嬬 1 娆￠噸璇曘€俆he process cannot access the file 'd:\GitWorkSpace\LiuJun\ThreeMatchTrea\src\Match3.Web\Match3.Web\bin\Debug\net10.0\Match3.Web.Client.dll' because it is being used by another process. 鏂囦欢琚€淢atch3.Web (58260)鈥濋攣瀹氥€?[d:\GitWorkSpace\LiuJun\ThreeMatchTrea\src\Match3.Web\Match3.Web\Match3.Web.csproj]
C:\Program Files\dotnet\sdk\10.0.101\Microsoft.Common.CurrentVersion.targets(5080,5): warning MSB3026: 鏃犳硶灏嗏€渄:\GitWorkSpace\LiuJun\ThreeMatchTrea\src\Match3.Core\bin\Debug\netstandard2.1\Match3.Core.dll鈥濆鍒跺埌鈥渂in\Debug\net10.0\Match3.Core.dll鈥濄€?000 姣鍚庡皢寮€濮嬬 1 娆￠噸璇曘€俆he process cannot access the file 'd:\GitWorkSpace\LiuJun\ThreeMatchTrea\src\Match3.Web\Match3.Web\bin\Debug\net10.0\Match3.Core.dll' because it is being used by another process. 鏂囦欢琚€淢atch3.Web (58260)鈥濋攣瀹氥€?[d:\GitWorkSpace\LiuJun\ThreeMatchTrea\src\Match3.Web\Match3.Web\Match3.Web.csproj]
C:\Program Files\dotnet\sdk\10.0.101\Microsoft.Common.CurrentVersion.targets(5080,5): warning MSB3026: 鏃犳硶灏嗏€渄:\GitWorkSpace\LiuJun\ThreeMatchTrea\src\Match3.Web\Match3.Web.Client\bin\Debug\net10.0\Match3.Web.Client.dll鈥濆鍒跺埌鈥渂in\Debug\net10.0\Match3.Web.Client.dll鈥濄€?000 姣鍚庡皢寮€濮嬬 2 娆￠噸璇曘€俆he process cannot access the file 'd:\GitWorkSpace\LiuJun\ThreeMatchTrea\src\Match3.Web\Match3.Web\bin\Debug\net10.0\Match3.Web.Client.dll' because it is being used by another process. 鏂囦欢琚€淢atch3.Web (58260)鈥濋攣瀹氥€?[d:\GitWorkSpace\LiuJun\ThreeMatchTrea\src\Match3.Web\Match3.Web\Match3.Web.csproj]
C:\Program Files\dotnet\sdk\10.0.101\Microsoft.Common.CurrentVersion.targets(5080,5): warning MSB3026: 鏃犳硶灏嗏€渄:\GitWorkSpace\LiuJun\ThreeMatchTrea\src\Match3.Core\bin\Debug\netstandard2.1\Match3.Core.dll鈥濆鍒跺埌鈥渂in\Debug\net10.0\Match3.Core.dll鈥濄€?000 姣鍚庡皢寮€濮嬬 2 娆￠噸璇曘€俆he process cannot access the file 'd:\GitWorkSpace\LiuJun\ThreeMatchTrea\src\Match3.Web\Match3.Web\bin\Debug\net10.0\Match3.Core.dll' because it is being used by another process. 鏂囦欢琚€淢atch3.Web (58260)鈥濋攣瀹氥€?[d:\GitWorkSpace\LiuJun\ThreeMatchTrea\src\Match3.Web\Match3.Web\Match3.Web.csproj]
C:\Program Files\dotnet\sdk\10.0.101\Microsoft.Common.CurrentVersion.targets(5080,5): warning MSB3026: 鏃犳硶灏嗏€渄:\GitWorkSpace\LiuJun\ThreeMatchTrea\src\Match3.Web\Match3.Web.Client\bin\Debug\net10.0\Match3.Web.Client.dll鈥濆鍒跺埌鈥渂in\Debug\net10.0\Match3.Web.Client.dll鈥濄€?000 姣鍚庡皢寮€濮嬬 3 娆￠噸璇曘€俆he process cannot access the file 'd:\GitWorkSpace\LiuJun\ThreeMatchTrea\src\Match3.Web\Match3.Web\bin\Debug\net10.0\Match3.Web.Client.dll' because it is being used by another process. 鏂囦欢琚€淢atch3.Web (58260)鈥濋攣瀹氥€?[d:\GitWorkSpace\LiuJun\ThreeMatchTrea\src\Match3.Web\Match3.Web\Match3.Web.csproj]
C:\Program Files\dotnet\sdk\10.0.101\Microsoft.Common.CurrentVersion.targets(5080,5): warning MSB3026: 鏃犳硶灏嗏€渄:\GitWorkSpace\LiuJun\ThreeMatchTrea\src\Match3.Core\bin\Debug\netstandard2.1\Match3.Core.dll鈥濆鍒跺埌鈥渂in\Debug\net10.0\Match3.Core.dll鈥濄€?000 姣鍚庡皢寮€濮嬬 3 娆￠噸璇曘€俆he process cannot access the file 'd:\GitWorkSpace\LiuJun\ThreeMatchTrea\src\Match3.Web\Match3.Web\bin\Debug\net10.0\Match3.Core.dll' because it is being used by another process. 鏂囦欢琚€淢atch3.Web (58260)鈥濋攣瀹氥€?[d:\GitWorkSpace\LiuJun\ThreeMatchTrea\src\Match3.Web\Match3.Web\Match3.Web.csproj]
C:\Program Files\dotnet\sdk\10.0.101\Microsoft.Common.CurrentVersion.targets(5080,5): warning MSB3026: 鏃犳硶灏嗏€渄:\GitWorkSpace\LiuJun\ThreeMatchTrea\src\Match3.Core\bin\Debug\netstandard2.1\Match3.Core.dll鈥濆鍒跺埌鈥渂in\Debug\net10.0\Match3.Core.dll鈥濄€?000 姣鍚庡皢寮€濮嬬 4 娆￠噸璇曘€俆he process cannot access the file 'd:\GitWorkSpace\LiuJun\ThreeMatchTrea\src\Match3.Web\Match3.Web\bin\Debug\net10.0\Match3.Core.dll' because it is being used by another process. 鏂囦欢琚€淢atch3.Web (58260)鈥濋攣瀹氥€?[d:\GitWorkSpace\LiuJun\ThreeMatchTrea\src\Match3.Web\Match3.Web\Match3.Web.csproj]
C:\Program Files\dotnet\sdk\10.0.101\Microsoft.Common.CurrentVersion.targets(5080,5): warning MSB3026: 鏃犳硶灏嗏€渄:\GitWorkSpace\LiuJun\ThreeMatchTrea\src\Match3.Web\Match3.Web.Client\bin\Debug\net10.0\Match3.Web.Client.dll鈥濆鍒跺埌鈥渂in\Debug\net10.0\Match3.Web.Client.dll鈥濄€?000 姣鍚庡皢寮€濮嬬 4 娆￠噸璇曘€俆he process cannot access the file 'd:\GitWorkSpace\LiuJun\ThreeMatchTrea\src\Match3.Web\Match3.Web\bin\Debug\net10.0\Match3.Web.Client.dll' because it is being used by another process. 鏂囦欢琚€淢atch3.Web (58260)鈥濋攣瀹氥€?[d:\GitWorkSpace\LiuJun\ThreeMatchTrea\src\Match3.Web\Match3.Web\Match3.Web.csproj]
C:\Program Files\dotnet\sdk\10.0.101\Microsoft.Common.CurrentVersion.targets(5080,5): warning MSB3026: 鏃犳硶灏嗏€渄:\GitWorkSpace\LiuJun\ThreeMatchTrea\src\Match3.Web\Match3.Web.Client\bin\Debug\net10.0\Match3.Web.Client.dll鈥濆鍒跺埌鈥渂in\Debug\net10.0\Match3.Web.Client.dll鈥濄€?000 姣鍚庡皢寮€濮嬬 5 娆￠噸璇曘€俆he process cannot access the file 'd:\GitWorkSpace\LiuJun\ThreeMatchTrea\src\Match3.Web\Match3.Web\bin\Debug\net10.0\Match3.Web.Client.dll' because it is being used by another process. 鏂囦欢琚€淢atch3.Web (58260)鈥濋攣瀹氥€?[d:\GitWorkSpace\LiuJun\ThreeMatchTrea\src\Match3.Web\Match3.Web\Match3.Web.csproj]
C:\Program Files\dotnet\sdk\10.0.101\Microsoft.Common.CurrentVersion.targets(5080,5): warning MSB3026: 鏃犳硶灏嗏€渄:\GitWorkSpace\LiuJun\ThreeMatchTrea\src\Match3.Core\bin\Debug\netstandard2.1\Match3.Core.dll鈥濆鍒跺埌鈥渂in\Debug\net10.0\Match3.Core.dll鈥濄€?000 姣鍚庡皢寮€濮嬬 5 娆￠噸璇曘€俆he process cannot access the file 'd:\GitWorkSpace\LiuJun\ThreeMatchTrea\src\Match3.Web\Match3.Web\bin\Debug\net10.0\Match3.Core.dll' because it is being used by another process. 鏂囦欢琚€淢atch3.Web (58260)鈥濋攣瀹氥€?[d:\GitWorkSpace\LiuJun\ThreeMatchTrea\src\Match3.Web\Match3.Web\Match3.Web.csproj]
C:\Program Files\dotnet\sdk\10.0.101\Microsoft.Common.CurrentVersion.targets(5080,5): warning MSB3026: 鏃犳硶灏嗏€渄:\GitWorkSpace\LiuJun\ThreeMatchTrea\src\Match3.Web\Match3.Web.Client\bin\Debug\net10.0\Match3.Web.Client.dll鈥濆鍒跺埌鈥渂in\Debug\net10.0\Match3.Web.Client.dll鈥濄€?000 姣鍚庡皢寮€濮嬬 6 娆￠噸璇曘€俆he process cannot access the file 'd:\GitWorkSpace\LiuJun\ThreeMatchTrea\src\Match3.Web\Match3.Web\bin\Debug\net10.0\Match3.Web.Client.dll' because it is being used by another process. 鏂囦欢琚€淢atch3.Web (58260)鈥濋攣瀹氥€?[d:\GitWorkSpace\LiuJun\ThreeMatchTrea\src\Match3.Web\Match3.Web\Match3.Web.csproj]
C:\Program Files\dotnet\sdk\10.0.101\Microsoft.Common.CurrentVersion.targets(5080,5): warning MSB3026: 鏃犳硶灏嗏€渄:\GitWorkSpace\LiuJun\ThreeMatchTrea\src\Match3.Core\bin\Debug\netstandard2.1\Match3.Core.dll鈥濆鍒跺埌鈥渂in\Debug\net10.0\Match3.Core.dll鈥濄€?000 姣鍚庡皢寮€濮嬬 6 娆￠噸璇曘€俆he process cannot access the file 'd:\GitWorkSpace\LiuJun\ThreeMatchTrea\src\Match3.Web\Match3.Web\bin\Debug\net10.0\Match3.Core.dll' because it is being used by another process. 鏂囦欢琚€淢atch3.Web (58260)鈥濋攣瀹氥€?[d:\GitWorkSpace\LiuJun\ThreeMatchTrea\src\Match3.Web\Match3.Web\Match3.Web.csproj]
C:\Program Files\dotnet\sdk\10.0.101\Microsoft.Common.CurrentVersion.targets(5080,5): warning MSB3026: 鏃犳硶灏嗏€渄:\GitWorkSpace\LiuJun\ThreeMatchTrea\src\Match3.Web\Match3.Web.Client\bin\Debug\net10.0\Match3.Web.Client.dll鈥濆鍒跺埌鈥渂in\Debug\net10.0\Match3.Web.Client.dll鈥濄€?000 姣鍚庡皢寮€濮嬬 7 娆￠噸璇曘€俆he process cannot access the file 'd:\GitWorkSpace\LiuJun\ThreeMatchTrea\src\Match3.Web\Match3.Web\bin\Debug\net10.0\Match3.Web.Client.dll' because it is being used by another process. 鏂囦欢琚€淢atch3.Web (58260)鈥濋攣瀹氥€?[d:\GitWorkSpace\LiuJun\ThreeMatchTrea\src\Match3.Web\Match3.Web\Match3.Web.csproj]
C:\Program Files\dotnet\sdk\10.0.101\Microsoft.Common.CurrentVersion.targets(5080,5): warning MSB3026: 鏃犳硶灏嗏€渄:\GitWorkSpace\LiuJun\ThreeMatchTrea\src\Match3.Core\bin\Debug\netstandard2.1\Match3.Core.dll鈥濆鍒跺埌鈥渂in\Debug\net10.0\Match3.Core.dll鈥濄€?000 姣鍚庡皢寮€濮嬬 7 娆￠噸璇曘€俆he process cannot access the file 'd:\GitWorkSpace\LiuJun\ThreeMatchTrea\src\Match3.Web\Match3.Web\bin\Debug\net10.0\Match3.Core.dll' because it is being used by another process. 鏂囦欢琚€淢atch3.Web (58260)鈥濋攣瀹氥€?[d:\GitWorkSpace\LiuJun\ThreeMatchTrea\src\Match3.Web\Match3.Web\Match3.Web.csproj]
C:\Program Files\dotnet\sdk\10.0.101\Microsoft.Common.CurrentVersion.targets(5080,5): warning MSB3026: 鏃犳硶灏嗏€渄:\GitWorkSpace\LiuJun\ThreeMatchTrea\src\Match3.Web\Match3.Web.Client\bin\Debug\net10.0\Match3.Web.Client.dll鈥濆鍒跺埌鈥渂in\Debug\net10.0\Match3.Web.Client.dll鈥濄€?000 姣鍚庡皢寮€濮嬬 8 娆￠噸璇曘€俆he process cannot access the file 'd:\GitWorkSpace\LiuJun\ThreeMatchTrea\src\Match3.Web\Match3.Web\bin\Debug\net10.0\Match3.Web.Client.dll' because it is being used by another process. 鏂囦欢琚€淢atch3.Web (58260)鈥濋攣瀹氥€?[d:\GitWorkSpace\LiuJun\ThreeMatchTrea\src\Match3.Web\Match3.Web\Match3.Web.csproj]
C:\Program Files\dotnet\sdk\10.0.101\Microsoft.Common.CurrentVersion.targets(5080,5): warning MSB3026: 鏃犳硶灏嗏€渄:\GitWorkSpace\LiuJun\ThreeMatchTrea\src\Match3.Core\bin\Debug\netstandard2.1\Match3.Core.dll鈥濆鍒跺埌鈥渂in\Debug\net10.0\Match3.Core.dll鈥濄€?000 姣鍚庡皢寮€濮嬬 8 娆￠噸璇曘€俆he process cannot access the file 'd:\GitWorkSpace\LiuJun\ThreeMatchTrea\src\Match3.Web\Match3.Web\bin\Debug\net10.0\Match3.Core.dll' because it is being used by another process. 鏂囦欢琚€淢atch3.Web (58260)鈥濋攣瀹氥€?[d:\GitWorkSpace\LiuJun\ThreeMatchTrea\src\Match3.Web\Match3.Web\Match3.Web.csproj]
C:\Program Files\dotnet\sdk\10.0.101\Microsoft.Common.CurrentVersion.targets(5080,5): warning MSB3026: 鏃犳硶灏嗏€渄:\GitWorkSpace\LiuJun\ThreeMatchTrea\src\Match3.Web\Match3.Web.Client\bin\Debug\net10.0\Match3.Web.Client.dll鈥濆鍒跺埌鈥渂in\Debug\net10.0\Match3.Web.Client.dll鈥濄€?000 姣鍚庡皢寮€濮嬬 9 娆￠噸璇曘€俆he process cannot access the file 'd:\GitWorkSpace\LiuJun\ThreeMatchTrea\src\Match3.Web\Match3.Web\bin\Debug\net10.0\Match3.Web.Client.dll' because it is being used by another process. 鏂囦欢琚€淢atch3.Web (58260)鈥濋攣瀹氥€?[d:\GitWorkSpace\LiuJun\ThreeMatchTrea\src\Match3.Web\Match3.Web\Match3.Web.csproj]
C:\Program Files\dotnet\sdk\10.0.101\Microsoft.Common.CurrentVersion.targets(5080,5): warning MSB3026: 鏃犳硶灏嗏€渄:\GitWorkSpace\LiuJun\ThreeMatchTrea\src\Match3.Core\bin\Debug\netstandard2.1\Match3.Core.dll鈥濆鍒跺埌鈥渂in\Debug\net10.0\Match3.Core.dll鈥濄€?000 姣鍚庡皢寮€濮嬬 9 娆￠噸璇曘€俆he process cannot access the file 'd:\GitWorkSpace\LiuJun\ThreeMatchTrea\src\Match3.Web\Match3.Web\bin\Debug\net10.0\Match3.Core.dll' because it is being used by another process. 鏂囦欢琚€淢atch3.Web (58260)鈥濋攣瀹氥€?[d:\GitWorkSpace\LiuJun\ThreeMatchTrea\src\Match3.Web\Match3.Web\Match3.Web.csproj]
C:\Program Files\dotnet\sdk\10.0.101\Microsoft.Common.CurrentVersion.targets(5080,5): warning MSB3026: 鏃犳硶灏嗏€渄:\GitWorkSpace\LiuJun\ThreeMatchTrea\src\Match3.Core\bin\Debug\netstandard2.1\Match3.Core.dll鈥濆鍒跺埌鈥渂in\Debug\net10.0\Match3.Core.dll鈥濄€?000 姣鍚庡皢寮€濮嬬 10 娆￠噸璇曘€俆he process cannot access the file 'd:\GitWorkSpace\LiuJun\ThreeMatchTrea\src\Match3.Web\Match3.Web\bin\Debug\net10.0\Match3.Core.dll' because it is being used by another process. 鏂囦欢琚€淢atch3.Web (58260)鈥濋攣瀹氥€?[d:\GitWorkSpace\LiuJun\ThreeMatchTrea\src\Match3.Web\Match3.Web\Match3.Web.csproj]
C:\Program Files\dotnet\sdk\10.0.101\Microsoft.Common.CurrentVersion.targets(5080,5): warning MSB3026: 鏃犳硶灏嗏€渄:\GitWorkSpace\LiuJun\ThreeMatchTrea\src\Match3.Web\Match3.Web.Client\bin\Debug\net10.0\Match3.Web.Client.dll鈥濆鍒跺埌鈥渂in\Debug\net10.0\Match3.Web.Client.dll鈥濄€?000 姣鍚庡皢寮€濮嬬 10 娆￠噸璇曘€俆he process cannot access the file 'd:\GitWorkSpace\LiuJun\ThreeMatchTrea\src\Match3.Web\Match3.Web\bin\Debug\net10.0\Match3.Web.Client.dll' because it is being used by another process. 鏂囦欢琚€淢atch3.Web (58260)鈥濋攣瀹氥€?[d:\GitWorkSpace\LiuJun\ThreeMatchTrea\src\Match3.Web\Match3.Web\Match3.Web.csproj]
C:\Program Files\dotnet\sdk\10.0.101\Microsoft.Common.CurrentVersion.targets(5080,5): error MSB3027: 鏃犳硶灏嗏€渄:\GitWorkSpace\LiuJun\ThreeMatchTrea\src\Match3.Web\Match3.Web.Client\bin\Debug\net10.0\Match3.Web.Client.dll鈥濆鍒跺埌鈥渂in\Debug\net10.0\Match3.Web.Client.dll鈥濄€傝秴鍑轰簡閲嶈瘯璁℃暟 10銆傚け璐ャ€傛枃浠惰鈥淢atch3.Web (58260)鈥濋攣瀹氥€?[d:\GitWorkSpace\LiuJun\ThreeMatchTrea\src\Match3.Web\Match3.Web\Match3.Web.csproj]
C:\Program Files\dotnet\sdk\10.0.101\Microsoft.Common.CurrentVersion.targets(5080,5): error MSB3021: 鏃犳硶灏嗘枃浠垛€渄:\GitWorkSpace\LiuJun\ThreeMatchTrea\src\Match3.Web\Match3.Web.Client\bin\Debug\net10.0\Match3.Web.Client.dll鈥濆鍒跺埌鈥渂in\Debug\net10.0\Match3.Web.Client.dll鈥濄€俆he process cannot access the file 'd:\GitWorkSpace\LiuJun\ThreeMatchTrea\src\Match3.Web\Match3.Web\bin\Debug\net10.0\Match3.Web.Client.dll' because it is being used by another process. [d:\GitWorkSpace\LiuJun\ThreeMatchTrea\src\Match3.Web\Match3.Web\Match3.Web.csproj]
C:\Program Files\dotnet\sdk\10.0.101\Microsoft.Common.CurrentVersion.targets(5080,5): error MSB3027: 鏃犳硶灏嗏€渄:\GitWorkSpace\LiuJun\ThreeMatchTrea\src\Match3.Core\bin\Debug\netstandard2.1\Match3.Core.dll鈥濆鍒跺埌鈥渂in\Debug\net10.0\Match3.Core.dll鈥濄€傝秴鍑轰簡閲嶈瘯璁℃暟 10銆傚け璐ャ€傛枃浠惰鈥淢atch3.Web (58260)鈥濋攣瀹氥€?[d:\GitWorkSpace\LiuJun\ThreeMatchTrea\src\Match3.Web\Match3.Web\Match3.Web.csproj]
C:\Program Files\dotnet\sdk\10.0.101\Microsoft.Common.CurrentVersion.targets(5080,5): error MSB3021: 鏃犳硶灏嗘枃浠垛€渄:\GitWorkSpace\LiuJun\ThreeMatchTrea\src\Match3.Core\bin\Debug\netstandard2.1\Match3.Core.dll鈥濆鍒跺埌鈥渂in\Debug\net10.0\Match3.Core.dll鈥濄€俆he process cannot access the file 'd:\GitWorkSpace\LiuJun\ThreeMatchTrea\src\Match3.Web\Match3.Web\bin\Debug\net10.0\Match3.Core.dll' because it is being used by another process. [d:\GitWorkSpace\LiuJun\ThreeMatchTrea\src\Match3.Web\Match3.Web\Match3.Web.csproj]
    20 涓鍛?
    4 涓敊璇?

宸茬敤鏃堕棿 00:00:13.03
